// Jest Snapshot v1, https://goo.gl/fbAQLP

exports[`Home renders a heading 1`] = `
<div>
  <div
    class="container"
  >
    <main
      class="main"
    >
      <h1
        class="title"
      >
        Welcome to 
        <a
          href="https://nextjs.org"
        >
          Next.js!
        </a>
      </h1>
      <h2>
        日本語
      </h2>
      <h2>
        英語
      </h2>
      <h2>
        韓国語
      </h2>
    </main>
  </div>
  <div
    class="container"
  >
    <main
      class="main"
    >
      <h1
        class="title"
      >
        Welcome to 
        <a
          href="https://nextjs.org"
        >
          Next.js!
        </a>
      </h1>
      <h2>
        Japanese
      </h2>
      <h2>
        English
      </h2>
      <h2>
        Korean
      </h2>
    </main>
  </div>
  <div
    class="container"
  >
    <main
      class="main"
    >
      <h1
        class="title"
      >
        Welcome to 
        <a
          href="https://nextjs.org"
        >
          Next.js!
        </a>
      </h1>
      <h2>
        일본어
      </h2>
      <h2>
        영어
      </h2>
      <h2>
        한국어
      </h2>
    </main>
  </div>
</div>
`;
